// Jest Snapshot v1, https://goo.gl/fbAQLP

exports[`renders the appropriate message 1`] = `
<DocumentFragment>
  <div
    class="alert alert-danger"
    role="alert"
  >
    <p
      class="mb-0 small"
    >
      hello
    </p>
    <p
      class="mb-0 small"
    >
      goodbye
    </p>
  </div>
</DocumentFragment>
`;
